## trelis
## Trelis Version 16.4
## Trelis Build 6bc00df
## Revised Thu Oct 26 13:42:30 2017 -0400
## Running 07/18/2018 03:26:25 pm
## Command Options:
undo on
reset
import step "geometry_files/breeder_blanket/slice_armour_mod1.step" heal
import step "geometry_files/breeder_blanket/slice_back_lithium_lead_mod1.step" heal
import step "geometry_files/breeder_blanket/slice_back_plate_1_mod1.step" heal
import step "geometry_files/breeder_blanket/slice_back_plate_2_mod1.step" heal
import step "geometry_files/breeder_blanket/slice_back_plate_3_mod1.step" heal
import step "geometry_files/breeder_blanket/slice_cooling_plate_material_mod1.step" heal
import step "geometry_files/breeder_blanket/slice_first_wall_material_mod1.step" heal
import step "geometry_files/breeder_blanket/slice_lithium_lead_mod1.step" heal
imprint body all
merge tolerance 1e-06
merge all
volume all scheme tetmesh
volume all scheme tetmesh proximity layers off geometry approximation angle 15 geometric sizing on
volume all size auto factor 10
volume all tetmesh growth_factor 1
trimesher surface gradation 1.3
trimesher volume gradation 1.3
mesh volume all
